../Core/Src/main.c:66:6:Start_PWM	16	static
../Core/Src/main.c:73:6:Stop_PWM	16	static
../Core/Src/main.c:79:6:Turn_Right	16	static
../Core/Src/main.c:86:6:Turn_Left	16	static
../Core/Src/main.c:95:6:HAL_GPIO_EXTI_Callback	40	static
../Core/Src/main.c:109:6:HAL_UART_RxCpltCallback	88	static
../Core/Src/main.c:157:5:main	8	static
../Core/Src/main.c:204:6:SystemClock_Config	88	static
../Core/Src/main.c:251:13:MX_TIM1_Init	96	static
../Core/Src/main.c:330:13:MX_USART1_UART_Init	8	static
../Core/Src/main.c:363:13:MX_USART2_UART_Init	8	static
../Core/Src/main.c:396:13:MX_GPIO_Init	48	static
../Core/Src/main.c:450:6:Error_Handler	4	static,ignoring_inline_asm
