../Core/Src/main.c:67:6:Start_PWM	16	static
../Core/Src/main.c:74:6:Stop_PWM	16	static
../Core/Src/main.c:82:6:Turn_Right	16	static
../Core/Src/main.c:89:6:Turn_Left	16	static
../Core/Src/main.c:97:6:StartBuzzer	16	static
../Core/Src/main.c:102:6:HAL_GPIO_EXTI_Callback	40	static
../Core/Src/main.c:117:6:HAL_UART_RxCpltCallback	88	static
../Core/Src/main.c:165:5:main	8	static
../Core/Src/main.c:213:6:SystemClock_Config	88	static
../Core/Src/main.c:260:13:MX_TIM1_Init	96	static
../Core/Src/main.c:339:13:MX_TIM3_Init	64	static
../Core/Src/main.c:398:13:MX_USART1_UART_Init	8	static
../Core/Src/main.c:431:13:MX_USART2_UART_Init	8	static
../Core/Src/main.c:464:13:MX_GPIO_Init	48	static
../Core/Src/main.c:518:6:Error_Handler	4	static,ignoring_inline_asm
